10



aaa
test_name='simple.txt'

true->1

false->
!true->
!false->1
!!true->1
!!false->
!!!true->
!!!false->1
$s1 == 'aaa'->1
$s1 == ''->
$s1 != 'aaa'->
$s1 != ''->1
$s1 . $s->aaaaaa
$s1 . $s . $s->aaaaaaaaa

$i1 > $i2->
$i1 < $i2->1
$i2 > $i1->1
$i2 < $i1->
2022 August
2022:August
2022 August
2022:August
111/222
222/111
111-111-111
24
14
1
6
4
2
3
4
1
2
-2
10
11
4
2
2
12
3
0
0
1
1
11111111
1010
abc
1000
1
-29
31
200
400
yes
no
no
no
yes
yes
yes
yes
yes
yes
yes
no
no
no
yes
no

10

20
0
19
111
zero
one
one
zero
111
a
b

111
'A
"

!!
おい == おい
привет == привет
